// Jest Snapshot v1, https://goo.gl/fbAQLP

exports[`show item 1`] = `
<div>
  <Link
    to="/EditExpense/1"
  >
    rent
  </Link>
  <p>
    $100.00
    -
    January 1st,1970
  </p>
</div>
`;
